<nav
  class="_navigation_d59eec"
>
  <ul
    class="_navList_d59eec"
  >
    <button
      class="_navButton_66a9d8 false"
    >
      <span
        class="_navIcon_66a9d8"
      >
        <svg
          class="lucide lucide-layout-dashboard"
          fill="none"
          height="24"
          stroke="currentColor"
          stroke-linecap="round"
          stroke-linejoin="round"
          stroke-width="2"
          viewBox="0 0 24 24"
          width="24"
          xmlns="http://www.w3.org/2000/svg"
        >
          <rect
            height="9"
            rx="1"
            width="7"
            x="3"
            y="3"
          />
          <rect
            height="5"
            rx="1"
            width="7"
            x="14"
            y="3"
          />
          <rect
            height="9"
            rx="1"
            width="7"
            x="14"
            y="12"
          />
          <rect
            height="5"
            rx="1"
            width="7"
            x="3"
            y="16"
          />
        </svg>
      </span>
      <span
        class="_navText_66a9d8"
      >
        Dashboard
      </span>
    </button>
    <button
      class="_navButton_66a9d8 false"
    >
      <span
        class="_navIcon_66a9d8"
      >
        <svg
          class="lucide lucide-package"
          fill="none"
          height="24"
          stroke="currentColor"
          stroke-linecap="round"
          stroke-linejoin="round"
          stroke-width="2"
          viewBox="0 0 24 24"
          width="24"
          xmlns="http://www.w3.org/2000/svg"
        >
          <path
            d="M11 21.73a2 2 0 0 0 2 0l7-4A2 2 0 0 0 21 16V8a2 2 0 0 0-1-1.73l-7-4a2 2 0 0 0-2 0l-7 4A2 2 0 0 0 3 8v8a2 2 0 0 0 1 1.73z"
          />
          <path
            d="M12 22V12"
          />
          <path
            d="m3.3 7 7.703 4.734a2 2 0 0 0 1.994 0L20.7 7"
          />
          <path
            d="m7.5 4.27 9 5.15"
          />
        </svg>
      </span>
      <span
        class="_navText_66a9d8"
      >
        Produits
      </span>
    </button>
    <button
      class="_navButton_66a9d8 false"
    >
      <span
        class="_navIcon_66a9d8"
      >
        <svg
          class="lucide lucide-user-cog"
          fill="none"
          height="24"
          stroke="currentColor"
          stroke-linecap="round"
          stroke-linejoin="round"
          stroke-width="2"
          viewBox="0 0 24 24"
          width="24"
          xmlns="http://www.w3.org/2000/svg"
        >
          <circle
            cx="18"
            cy="15"
            r="3"
          />
          <circle
            cx="9"
            cy="7"
            r="4"
          />
          <path
            d="M10 15H6a4 4 0 0 0-4 4v2"
          />
          <path
            d="m21.7 16.4-.9-.3"
          />
          <path
            d="m15.2 13.9-.9-.3"
          />
          <path
            d="m16.6 18.7.3-.9"
          />
          <path
            d="m19.1 12.2.3-.9"
          />
          <path
            d="m19.6 18.7-.4-1"
          />
          <path
            d="m16.8 12.3-.4-1"
          />
          <path
            d="m14.3 16.6 1-.4"
          />
          <path
            d="m20.7 13.8 1-.4"
          />
        </svg>
      </span>
      <span
        class="_navText_66a9d8"
      >
        Employ√©s
      </span>
    </button>
    <button
      class="_navButton_66a9d8 false"
    >
      <span
        class="_navIcon_66a9d8"
      >
        <svg
          class="lucide lucide-users"
          fill="none"
          height="24"
          stroke="currentColor"
          stroke-linecap="round"
          stroke-linejoin="round"
          stroke-width="2"
          viewBox="0 0 24 24"
          width="24"
          xmlns="http://www.w3.org/2000/svg"
        >
          <path
            d="M16 21v-2a4 4 0 0 0-4-4H6a4 4 0 0 0-4 4v2"
          />
          <circle
            cx="9"
            cy="7"
            r="4"
          />
          <path
            d="M22 21v-2a4 4 0 0 0-3-3.87"
          />
          <path
            d="M16 3.13a4 4 0 0 1 0 7.75"
          />
        </svg>
      </span>
      <span
        class="_navText_66a9d8"
      >
        Clients
      </span>
    </button>
    <button
      class="_navButton_66a9d8 false"
    >
      <span
        class="_navIcon_66a9d8"
      >
        <svg
          class="lucide lucide-file-text"
          fill="none"
          height="24"
          stroke="currentColor"
          stroke-linecap="round"
          stroke-linejoin="round"
          stroke-width="2"
          viewBox="0 0 24 24"
          width="24"
          xmlns="http://www.w3.org/2000/svg"
        >
          <path
            d="M15 2H6a2 2 0 0 0-2 2v16a2 2 0 0 0 2 2h12a2 2 0 0 0 2-2V7Z"
          />
          <path
            d="M14 2v4a2 2 0 0 0 2 2h4"
          />
          <path
            d="M10 9H8"
          />
          <path
            d="M16 13H8"
          />
          <path
            d="M16 17H8"
          />
        </svg>
      </span>
      <span
        class="_navText_66a9d8"
      >
        Factures
      </span>
    </button>
  </ul>
</nav>