<div>
  <div
    class="_topbar_4961fc"
  >
    <div
      class="_header_4961fc"
    >
      <img
        alt="Trinity Logo"
        class="_logo_ef1307 "
        data-nimg="1"
        decoding="async"
        height="32"
        loading="lazy"
        src="/images/logo-svg-trinity.svg"
        style="color: transparent;"
        width="144"
      />
      <button
        aria-label="Ouvrir le menu"
        class="_menuButton_4961fc"
      >
        <svg
          class="lucide lucide-menu"
          fill="none"
          height="24"
          stroke="currentColor"
          stroke-linecap="round"
          stroke-linejoin="round"
          stroke-width="2"
          viewBox="0 0 24 24"
          width="24"
          xmlns="http://www.w3.org/2000/svg"
        >
          <line
            x1="4"
            x2="20"
            y1="12"
            y2="12"
          />
          <line
            x1="4"
            x2="20"
            y1="6"
            y2="6"
          />
          <line
            x1="4"
            x2="20"
            y1="18"
            y2="18"
          />
        </svg>
      </button>
    </div>
  </div>
</div>