<div>
  <div>
    <div
      class="mocked-header-class"
    >
      <h2>
        Ajouter un produit
      </h2>
    </div>
    <div
      class="mocked-body-class"
    >
      <div
        data-testid="mocked-product-form"
      >
        Product Form
      </div>
    </div>
  </div>
</div>