<div>
  <div
    class="_loginContainer_8c3db5"
  >
    <div
      class="_loginFormContainer_8c3db5"
    >
      <img
        alt="trinity logo"
        data-nimg="1"
        decoding="async"
        height="60"
        loading="lazy"
        src="images/logo-svg-trinity-green.svg"
        style="color: transparent;"
        width="180"
      />
      <form
        class="_loginCard_8c3db5"
      >
        <div
          class="_loginCardHeader_8c3db5"
        >
          <h1>
            Connexion
          </h1>
          <p>
            Pilotez votre activité avec précision et prenez les meilleures décisions.
          </p>
        </div>
        <div
          class="_inputContainer_c5e561"
        >
          <input
            class="_input_c5e561 "
            name="email"
            placeholder="Email"
            required=""
            role="inputComponent"
            type="email"
            value=""
          />
        </div>
        <div
          class="_inputContainer_c5e561"
        >
          <input
            class="_input_c5e561 "
            name="password"
            placeholder="Mot de passe"
            required=""
            role="inputComponent"
            type="password"
            value=""
          />
        </div>
        <div>
          <button
            class="_primary_8cee87 _full_8cee87"
            type="submit"
          >
            <p>
              Connexion
            </p>
          </button>
        </div>
      </form>
    </div>
    <div
      class="_loginRightContainer_8c3db5"
    >
      <div
        class="_card_c62d4b"
      >
        <div
          class="_cardItem_c62d4b false"
        >
          <h2
            class="_cardItemTitle_c62d4b"
          >
            Gérez vos produits et votre stocks
          </h2>
          <img
            alt="image step-1"
            class="_cardItemImage_c62d4b"
            data-nimg="1"
            decoding="async"
            height="210"
            loading="lazy"
            src="images/auth/step-1.svg"
            style="color: transparent;"
            width="266"
          />
        </div>
        <div
          class="_cardItem_c62d4b _cardItemReverse_c62d4b"
        >
          <h2
            class="_cardItemTitle_c62d4b"
          >
            Visualisez vos performances
          </h2>
          <img
            alt="image step-2"
            class="_cardItemImage_c62d4b"
            data-nimg="1"
            decoding="async"
            height="210"
            loading="lazy"
            src="images/auth/step-2.svg"
            style="color: transparent;"
            width="300"
          />
        </div>
        <div
          class="_cardItem_c62d4b false"
        >
          <h2
            class="_cardItemTitle_c62d4b"
          >
            Suivez vos transactions
          </h2>
          <img
            alt="image step-3"
            class="_cardItemImage_c62d4b"
            data-nimg="1"
            decoding="async"
            height="210"
            loading="lazy"
            src="images/auth/step-3.svg"
            style="color: transparent;"
            width="251"
          />
        </div>
      </div>
    </div>
  </div>
</div>